apiVersion: kubeone.k8c.io/v1beta2
kind: KubeOneCluster
name: example

versions:
  kubernetes: v1.24.4

cloudProvider:
  aws: {}
  external: true

containerRuntime:
  containerd: {}

clusterNetwork:
  cni:
    cilium:
      enableHubble: true
      kubeProxyReplacement: disabled
features:
  encryptionProviders:
    enable: true
  coreDNS:
    deployPodDisruptionBudget: true

addons:
  enable: true
  addons:
    - name: default-storage-class
