name: demo
versions:
  kubernetes: 1.14.1
features:
  podSecurityPolicy:
    enable: true
  dynamicAuditLog:
    enable: false
  metricsServer:
    enable: true
  openidConnect:
    enable: true
    config:
      issuerUrl: ""
      clientId: kubernetes
      usernameClaim: sub
      usernamePrefix: 'oidc:'
      groupsClaim: groups
      groupsPrefix: 'oidc:'
      signingAlgs: RS256
      requiredClaim: ""
      caFile: ""
apiVersion: kubeone.io/v1alpha1
kind: KubeOneCluster
cloudProvider:
  name: aws
