name: demo
versions:
  kubernetes: 1.14.1
workers:
- name: fra1-a
  replicas: 1
  providerSpec:
    labels:
      mylabel: fra1-a
    cloudProviderSpec:
      instanceType: t3.medium
      diskSize: 50
      diskType: gp2
    operatingSystem: ubuntu
    operatingSystemSpec:
      distUpgradeOnBoot: true
apiVersion: kubeone.io/v1alpha1
kind: KubeOneCluster
cloudProvider:
  name: aws
