set -xeuo pipefail
export "PATH=$PATH:/sbin:/usr/local/bin:/opt/bin"

source /etc/kubeone/proxy-env


HOST_ARCH=""
case $(uname -m) in
x86_64)
	HOST_ARCH="amd64"
	;;
aarch64)
	HOST_ARCH="arm64"
	;;
*)
	echo "unsupported CPU architecture, exiting"
	exit 1
	;;
esac


cat <<EOF | sudo tee /etc/modules-load.d/containerd.conf
overlay
br_netfilter
ip_tables
EOF
sudo modprobe overlay
sudo modprobe br_netfilter
sudo modprobe ip_tables
if modinfo nf_conntrack_ipv4 &> /dev/null; then
	sudo modprobe nf_conntrack_ipv4
else
	sudo modprobe nf_conntrack
fi
sudo mkdir -p /etc/sysctl.d
cat <<EOF | sudo tee /etc/sysctl.d/k8s.conf
fs.inotify.max_user_watches         = 1048576
kernel.panic                        = 10
kernel.panic_on_oops                = 1
net.bridge.bridge-nf-call-ip6tables = 1
net.bridge.bridge-nf-call-iptables  = 1
net.ipv4.ip_forward                 = 1
net.netfilter.nf_conntrack_max      = 1000000
vm.overcommit_memory                = 1
EOF
sudo sysctl --system


sudo mkdir -p /etc/systemd/journald.conf.d
cat <<EOF | sudo tee /etc/systemd/journald.conf.d/max_disk_use.conf
[Journal]
SystemMaxUse=5G
EOF
sudo systemctl force-reload systemd-journald


sudo mkdir -p /opt/bin /opt/cni/bin /etc/kubernetes/pki /etc/kubernetes/manifests
curl -L "https://github.com/containernetworking/plugins/releases/download/v1.1.1/cni-plugins-linux-${HOST_ARCH}-v1.1.1.tgz" |
	sudo tar -C /opt/cni/bin -xz

RELEASE="v1.23.9"
CRI_TOOLS_RELEASE="v1.21.0"

curl -L https://github.com/kubernetes-sigs/cri-tools/releases/download/${CRI_TOOLS_RELEASE}/crictl-${CRI_TOOLS_RELEASE}-linux-${HOST_ARCH}.tar.gz |
	sudo tar -C /opt/bin -xz



sudo mkdir -p $(dirname /etc/docker/daemon.json)
sudo touch /etc/docker/daemon.json
sudo chmod 600 /etc/docker/daemon.json
cat <<EOF | sudo tee /etc/docker/daemon.json
{
	"exec-opts": [
		"native.cgroupdriver=systemd"
	],
	"storage-driver": "overlay2",
	"log-driver": "json-file",
	"log-opts": {
		"max-file": "5",
		"max-size": "100m"
	},
	"insecure-registries": [
		"127.0.0.1:5000"
	]
}
EOF
cat <<EOF | sudo tee /etc/crictl.yaml
runtime-endpoint: unix:///var/run/dockershim.sock
EOF

sudo systemctl daemon-reload
sudo systemctl enable --now docker
sudo systemctl restart docker
if systemctl status kubelet 2>&1 > /dev/null; then
	sudo systemctl restart kubelet
	sleep 10
fi			





cd /opt/bin
k8s_rel_baseurl=https://storage.googleapis.com/kubernetes-release/release
for binary in kubeadm kubelet kubectl; do
	curl -L --output /tmp/$binary \
		$k8s_rel_baseurl/${RELEASE}/bin/linux/${HOST_ARCH}/$binary
	sudo install --owner=0 --group=0 --mode=0755 /tmp/$binary /opt/bin/$binary
	rm /tmp/$binary
done

cat <<EOF | sudo tee /etc/systemd/system/kubelet.service
[Unit]
Description=kubelet: The Kubernetes Node Agent
Documentation=https://kubernetes.io/docs/home/
Wants=network-online.target
After=network-online.target

[Service]
ExecStart=/opt/bin/kubelet
Restart=always
StartLimitInterval=0
RestartSec=10

[Install]
WantedBy=multi-user.target
EOF

sudo mkdir -p /etc/systemd/system/kubelet.service.d
cat <<EOF | sudo tee /etc/systemd/system/kubelet.service.d/10-kubeadm.conf
[Service]
Environment="KUBELET_KUBECONFIG_ARGS=--bootstrap-kubeconfig=/etc/kubernetes/bootstrap-kubelet.conf --kubeconfig=/etc/kubernetes/kubelet.conf"
Environment="KUBELET_CONFIG_ARGS=--config=/var/lib/kubelet/config.yaml"
# This is a file that "kubeadm init" and "kubeadm join" generates at runtime, populating the KUBELET_KUBEADM_ARGS variable dynamically
EnvironmentFile=-/var/lib/kubelet/kubeadm-flags.env
# This is a file that the user can use for overrides of the kubelet args as a last resort. Preferably, the user should use
# the .NodeRegistration.KubeletExtraArgs object in the configuration files instead. KUBELET_EXTRA_ARGS should be sourced from this file.
EnvironmentFile=-/etc/default/kubelet
ExecStart=
ExecStart=/opt/bin/kubelet \$KUBELET_KUBECONFIG_ARGS \$KUBELET_CONFIG_ARGS \$KUBELET_KUBEADM_ARGS \$KUBELET_EXTRA_ARGS
EOF

sudo systemctl daemon-reload
sudo systemctl enable --now kubelet
