set -xeu pipefail
export "PATH=$PATH:/sbin:/usr/local/bin:/opt/bin"

mkdir -p test-dir1/pki/etcd
sudo cp /etc/kubernetes/pki/ca.crt test-dir1/pki/
sudo cp /etc/kubernetes/pki/ca.key test-dir1/pki/
sudo cp /etc/kubernetes/pki/sa.key test-dir1/pki/
sudo cp /etc/kubernetes/pki/sa.pub test-dir1/pki/
sudo cp /etc/kubernetes/pki/front-proxy-ca.crt test-dir1/pki/
sudo cp /etc/kubernetes/pki/front-proxy-ca.key test-dir1/pki/
sudo cp /etc/kubernetes/pki/etcd/ca.{crt,key} test-dir1/pki/etcd/
sudo chown -R "$(id -u):$(id -g)" test-dir1
