set -xeu pipefail
export "PATH=$PATH:/sbin:/usr/local/bin:/opt/bin"

sudo swapoff -a
sudo sed -i '/.*swap.*/d' /etc/fstab

source /etc/os-release
source /etc/kubeone/proxy-env


HOST_ARCH=""
case $(uname -m) in
x86_64)
	HOST_ARCH="amd64"
	;;
aarch64)
	HOST_ARCH="arm64"
	;;
*)
	echo "unsupported CPU architecture, exiting"
	exit 1
	;;
esac


# Short-Circuit the installation if it was already executed
if type docker &>/dev/null && type kubelet &>/dev/null; then exit 0; fi

sudo mkdir -p /etc/docker
cat <<EOF | sudo tee /etc/docker/daemon.json
{
	"exec-opts": ["native.cgroupdriver=systemd"],
	"storage-driver": "overlay2",
	"log-driver": "json-file",
	"log-opts": {
		"max-size": "100m"
	}
}
EOF

sudo mkdir -p /etc/apt/apt.conf.d
cat <<EOF | sudo tee /etc/apt/apt.conf.d/proxy.conf
Acquire::https::Proxy "http://https.proxy";
Acquire::http::Proxy "http://http.proxy";
EOF

sudo apt-get update
sudo DEBIAN_FRONTEND=noninteractive apt-get install --option "Dpkg::Options::=--force-confold" -y --no-install-recommends \
	apt-transport-https \
	ca-certificates \
	curl \
	htop \
	lsb-release \
	rsync


curl -fsSL https://packages.cloud.google.com/apt/doc/apt-key.gpg | sudo apt-key add -
curl -fsSL https://download.docker.com/linux/${ID}/gpg | sudo apt-key add -

echo "deb https://download.docker.com/linux/${ID} $(lsb_release -sc) stable" |
	sudo tee /etc/apt/sources.list.d/docker.list

# You'd think that kubernetes-$(lsb_release -sc) belongs there instead, but the debian repo
# contains neither kubeadm nor kubelet, and the docs themselves suggest using xenial repo.
echo "deb http://apt.kubernetes.io/ kubernetes-xenial main" | sudo tee /etc/apt/sources.list.d/kubernetes.list
sudo apt-get update


docker_ver=$(apt-cache madison docker-ce | grep "18.0.6" | head -1 | awk '{print $3}')
kube_ver=$(apt-cache madison kubelet | grep "v1.17.4" | head -1 | awk '{print $3}')
cni_ver=$(apt-cache madison kubernetes-cni | grep "0.7.5" | head -1 | awk '{print $3}')

sudo apt-mark unhold docker-ce kubelet kubeadm kubectl kubernetes-cni
sudo DEBIAN_FRONTEND=noninteractive apt-get install --option "Dpkg::Options::=--force-confold" -y --no-install-recommends \
	docker-ce=${docker_ver} \
	docker-ce-cli=${docker_ver} \
	kubeadm=${kube_ver} \
	kubectl=${kube_ver} \
	kubelet=${kube_ver} \
	kubernetes-cni=${cni_ver}
sudo apt-mark hold docker-ce docker-ce-cli kubelet kubeadm kubectl kubernetes-cni
sudo systemctl enable --now docker
sudo systemctl enable --now kubelet
