set -xeuo pipefail
export "PATH=$PATH:/sbin:/usr/local/bin:/opt/bin"
sudo systemctl stop kubelet
sudo docker ps -q | xargs sudo docker stop || true
sudo docker ps -qa | xargs sudo docker rm || true


sudo mkdir -p $(dirname /etc/containerd/config.toml)
sudo touch /etc/containerd/config.toml
sudo chmod 600 /etc/containerd/config.toml
cat <<EOF | sudo tee /etc/containerd/config.toml
version = 3

[metrics]
address = "127.0.0.1:1338"

[plugins]
[plugins."io.containerd.cri.v1.images"]
discard_unpacked_layers = false
[plugins."io.containerd.cri.v1.images".pinned_images]
sandbox = "registry.k8s.io/pause:3.10"
[plugins."io.containerd.cri.v1.images".registry]
config_path = "/etc/containerd/certs.d"
[plugins."io.containerd.cri.v1.runtime"]
device_ownership_from_security_context = true
[plugins."io.containerd.cri.v1.runtime".containerd]
[plugins."io.containerd.cri.v1.runtime".containerd.runtimes]
[plugins."io.containerd.cri.v1.runtime".containerd.runtimes.runc]
runtime_type = "io.containerd.runc.v2"
[plugins."io.containerd.cri.v1.runtime".containerd.runtimes.runc.options]
SystemdCgroup = true
[plugins."io.containerd.cri.v1.runtime".cni]
bin_dirs = ["/opt/cni/bin"]
conf_dir = "/etc/cni/net.d"

EOF
cat <<EOF | sudo tee /etc/crictl.yaml
runtime-endpoint: unix:///run/containerd/containerd.sock
EOF

# Clear and recreate registry host configs to remove stale entries
sudo rm -rf /etc/containerd/certs.d/*
sudo mkdir -p $(dirname /etc/containerd/certs.d/docker.io/hosts.toml)
cat <<EOF | sudo tee /etc/containerd/certs.d/docker.io/hosts.toml
server = "https://registry-1.docker.io"

[host."https://registry-1.docker.io"]
capabilities = ["pull", "resolve"]

EOF

sudo mkdir -p /etc/systemd/system/containerd.service.d
cat <<EOF | sudo tee /etc/systemd/system/containerd.service.d/10-kubeone.conf
[Service]
Restart=always
Environment=CONTAINERD_CONFIG=/etc/containerd/config.toml
ExecStart=
ExecStart=/usr/bin/env PATH=\${TORCX_BINDIR}:\${PATH} containerd --config \${CONTAINERD_CONFIG}
EOF

sudo systemctl daemon-reload
sudo systemctl enable containerd
sudo systemctl restart containerd
sudo systemctl restart kubelet
