set -xeu pipefail
export "PATH=$PATH:/sbin:/usr/local/bin:/opt/bin"

sudo mkdir -p /etc/systemd/system/docker.service.d
cat <<EOF | sudo tee /etc/systemd/system/docker.service.d/http-proxy.conf
[Service]
EnvironmentFile=/etc/kubeone/proxy-env
EOF

sudo mkdir -p /etc/systemd/system/kubelet.service.d
cat <<EOF | sudo tee /etc/systemd/system/kubelet.service.d/http-proxy.conf
[Service]
EnvironmentFile=/etc/kubeone/proxy-env
EOF

sudo systemctl daemon-reload
if sudo systemctl status docker &>/dev/null; then sudo systemctl restart docker; fi
if sudo systemctl status kubelet &>/dev/null; then sudo systemctl restart kubelet; fi
