set -xeuo pipefail
export "PATH=$PATH:/sbin:/usr/local/bin:/opt/bin"

# Stop kubelet
sudo systemctl stop kubelet || true
# Remove CNI and binaries
sudo rm -rf /opt/cni /opt/bin/kubeadm /opt/bin/kubectl /opt/bin/kubelet
# Remove systemd unit files
sudo rm -f /etc/systemd/system/kubelet.service /etc/systemd/system/kubelet.service.d/10-kubeadm.conf
# Reload systemd
sudo systemctl daemon-reload
