set -xeuo pipefail
export "PATH=$PATH:/sbin:/usr/local/bin:/opt/bin"

sudo yum versionlock delete kubelet kubeadm kubectl kubernetes-cni || true
sudo yum remove -y \
	kubelet \
	kubeadm \
	kubectl
sudo yum remove -y kubernetes-cni || true
sudo rm -rf /opt/cni
sudo rm -f /etc/systemd/system/kubelet.service /etc/systemd/system/kubelet.service.d/10-kubeadm.conf
sudo systemctl daemon-reload
