set -xeuo pipefail
export "PATH=$PATH:/sbin:/usr/local/bin:/opt/bin"


HOST_ARCH=""
case $(uname -m) in
x86_64)
	HOST_ARCH="amd64"
	;;
aarch64)
	HOST_ARCH="arm64"
	;;
*)
	echo "unsupported CPU architecture, exiting"
	exit 1
	;;
esac

sudo mkdir -p $(dirname /etc/containerd/config.toml)
sudo touch /etc/containerd/config.toml
sudo chmod 600 /etc/containerd/config.toml
cat <<EOF | sudo tee /etc/containerd/config.toml
version = 2

[metrics]
address = "127.0.0.1:1338"

[plugins]
[plugins."io.containerd.grpc.v1.cri"]
[plugins."io.containerd.grpc.v1.cri".containerd]
[plugins."io.containerd.grpc.v1.cri".containerd.runtimes]
[plugins."io.containerd.grpc.v1.cri".containerd.runtimes.runc]
runtime_type = "io.containerd.runc.v2"
[plugins."io.containerd.grpc.v1.cri".containerd.runtimes.runc.options]
SystemdCgroup = true
[plugins."io.containerd.grpc.v1.cri".registry]
[plugins."io.containerd.grpc.v1.cri".registry.mirrors]
[plugins."io.containerd.grpc.v1.cri".registry.mirrors."127.0.0.1:5000"]
endpoint = ["http://127.0.0.1:5000"]
[plugins."io.containerd.grpc.v1.cri".registry.mirrors."docker.io"]
endpoint = ["https://registry-1.docker.io"]

EOF
cat <<EOF | sudo tee /etc/crictl.yaml
runtime-endpoint: unix:///run/containerd/containerd.sock
EOF

sudo mkdir -p /etc/systemd/system/containerd.service.d
cat <<EOF | sudo tee /etc/systemd/system/containerd.service.d/10-kubeone.conf
[Service]
Restart=always
Environment=CONTAINERD_CONFIG=/etc/containerd/config.toml
ExecStart=
ExecStart=/usr/bin/env PATH=\${TORCX_BINDIR}:\${PATH} \${TORCX_BINDIR}/containerd --config \${CONTAINERD_CONFIG}
EOF

sudo systemctl daemon-reload
sudo systemctl enable containerd
sudo systemctl restart containerd




source /etc/kubeone/proxy-env

sudo mkdir -p /opt/cni/bin
curl -L "https://github.com/containernetworking/plugins/releases/download/v1.1.1/cni-plugins-linux-${HOST_ARCH}-v1.1.1.tgz" |
	sudo tar -C /opt/cni/bin -xz

RELEASE="v1.23.9"

sudo mkdir -p /var/tmp/kube-binaries
cd /var/tmp/kube-binaries
sudo curl -L --remote-name-all \
	https://storage.googleapis.com/kubernetes-release/release/${RELEASE}/bin/linux/${HOST_ARCH}/kubeadm

sudo mkdir -p /opt/bin
cd /opt/bin
sudo mv /var/tmp/kube-binaries/kubeadm .
sudo chmod +x kubeadm
