set -xeu pipefail
export "PATH=$PATH:/sbin:/usr/local/bin:/opt/bin"

source /etc/os-release
source /etc/kubeone/proxy-env

sudo apt-get update

kube_ver=$(apt-cache madison kubeadm | grep "v1.17.4" | head -1 | awk '{print $3}')
cni_ver=$(apt-cache madison kubernetes-cni | grep "v0.7.5" | head -1 | awk '{print $3}')

sudo apt-mark unhold kubeadm kubernetes-cni
sudo DEBIAN_FRONTEND=noninteractive apt-get install --option "Dpkg::Options::=--force-confold" -y --no-install-recommends \
	kubeadm=${kube_ver} \
	kubernetes-cni=${cni_ver}
sudo apt-mark hold kubeadm kubernetes-cni
