set -xeu pipefail
export "PATH=$PATH:/sbin:/usr/local/bin:/opt/bin"

source /etc/kubeone/proxy-env


HOST_ARCH=""
case $(uname -m) in
x86_64)
	HOST_ARCH="amd64"
	;;
aarch64)
	HOST_ARCH="arm64"
	;;
*)
	echo "unsupported CPU architecture, exiting"
	exit 1
	;;
esac


RELEASE="vv1.17.4"
sudo mkdir -p /var/tmp/kube-binaries
cd /var/tmp/kube-binaries
sudo curl -L --remote-name-all \
	https://storage.googleapis.com/kubernetes-release/release/${RELEASE}/bin/linux/${HOST_ARCH}/{kubelet,kubectl}
sudo mkdir -p /opt/bin
cd /opt/bin
sudo systemctl stop kubelet
sudo mv /var/tmp/kube-binaries/{kubelet,kubectl} .
sudo chmod +x {kubelet,kubectl}
curl -sSL "https://raw.githubusercontent.com/kubernetes/kubernetes/${RELEASE}/build/debs/kubelet.service" |
	sed "s:/usr/bin:/opt/bin:g" |
	sudo tee /etc/systemd/system/kubelet.service
sudo mkdir -p /etc/systemd/system/kubelet.service.d
curl -sSL "https://raw.githubusercontent.com/kubernetes/kubernetes/${RELEASE}/build/debs/10-kubeadm.conf" |
	sed "s:/usr/bin:/opt/bin:g" |
	sudo tee /etc/systemd/system/kubelet.service.d/10-kubeadm.conf
	 
sudo systemctl daemon-reload
sudo systemctl start kubelet
