set -xeu pipefail
export "PATH=$PATH:/sbin:/usr/local/bin:/opt/bin"

sudo swapoff -a
sudo sed -i '/.*swap.*/d' /etc/fstab
sudo setenforce 0 || true
sudo sed -i 's/SELINUX=enforcing/SELINUX=permissive/g' /etc/sysconfig/selinux

source /etc/kubeone/proxy-env

sudo mkdir -p /etc/docker
cat <<EOF | sudo tee /etc/docker/daemon.json
{
	"exec-opts": ["native.cgroupdriver=systemd"],
	"storage-driver": "overlay2",
	"log-driver": "json-file",
	"log-opts": {
		"max-size": "100m"
	}
}
EOF

# Short-Circuit the installation if it was already executed
if type docker &>/dev/null && type kubelet &>/dev/null; then exit 0; fi

cat <<EOF | sudo tee /etc/sysctl.d/k8s.conf
net.bridge.bridge-nf-call-ip6tables = 1
net.bridge.bridge-nf-call-iptables = 1
EOF
sudo sysctl --system

yum_proxy=""
yum_proxy="proxy=http://http.proxy #kubeone"

grep -v '#kubeone' /etc/yum.conf > /tmp/yum.conf || true
echo -n "${yum_proxy}" >> /tmp/yum.conf
sudo mv /tmp/yum.conf /etc/yum.conf


cat <<EOF | sudo tee /etc/yum.repos.d/kubernetes.repo
[kubernetes]
name=Kubernetes
baseurl=https://packages.cloud.google.com/yum/repos/kubernetes-el7-x86_64
enabled=1
gpgcheck=1
repo_gpgcheck=1
gpgkey=https://packages.cloud.google.com/yum/doc/yum-key.gpg https://packages.cloud.google.com/yum/doc/rpm-package-key.gpg
EOF


sudo yum install -y yum-utils yum-plugin-versionlock
sudo yum-config-manager --add-repo=https://download.docker.com/linux/centos/docker-ce.repo

sudo yum install -y \
	docker-ce-18.09.9-3.el7 \
	docker-ce-cli-18.09.9-3.el7 \
	kubelet-v1.17.4-0 \
	kubeadm-v1.17.4-0 \
	kubectl-v1.17.4-0 \
	kubernetes-cni-0.7.5-0
sudo yum versionlock docker-ce docker-ce-cli kubelet kubeadm kubectl kubernetes-cni

sudo systemctl enable --now docker
sudo systemctl enable --now kubelet
