set -xeuo pipefail
export "PATH=$PATH:/sbin:/usr/local/bin:/opt/bin"

sudo apt-mark unhold kubelet kubeadm kubectl kubernetes-cni
sudo apt-get remove --purge -y \
	kubeadm \
	kubectl \
	kubelet
sudo apt-get remove --purge -y kubernetes-cni || true
sudo rm -rf /opt/cni
sudo rm -f /etc/systemd/system/kubelet.service /etc/systemd/system/kubelet.service.d/10-kubeadm.conf
sudo systemctl daemon-reload
